---
source: crates/lsp/src/providers/semantic_tokens.rs
expression: actual
---
0:0 len=19 type=comment
1:0 len=10 type=number
1:11 len=4 type=function
1:28 len=3 type=class
1:32 len=14 type=comment
2:0 len=10 type=number
3:0 len=10 type=number
3:11 len=7 type=function
3:31 len=1 type=number
3:33 len=3 type=class
3:38 len=1 type=number
3:44 len=11 type=comment
4:0 len=10 type=number
4:11 len=3 type=function
5:0 len=10 type=number
5:11 len=4 type=function
5:28 len=11 type=string
6:0 len=10 type=number
6:21 len=3 type=class
7:0 len=10 type=number
7:17 len=3 type=class
7:21 len=1 type=number
7:23 len=3 type=class
8:0 len=10 type=number
8:17 len=6 type=string
8:24 len=6 type=string
9:0 len=10 type=number
9:17 len=3 type=string
9:21 len=10 type=string
10:0 len=10 type=number
10:32 len=10 type=string
10:43 len=4 type=parameter
10:44 len=3 type=parameter
10:48 len=5 type=parameter
10:49 len=4 type=parameter
11:0 len=10 type=number
11:11 len=6 type=function
11:18 len=6 type=string
11:25 len=5 type=string
11:31 len=4 type=keyword
11:36 len=1 type=number
11:37 len=1 type=operator
11:38 len=1 type=number
11:39 len=1 type=operator
11:40 len=1 type=number
11:41 len=1 type=operator
11:42 len=1 type=number
12:0 len=6 type=function
12:7 len=7 type=string
12:15 len=7 type=string
13:0 len=7 type=function
13:8 len=12 type=string
14:0 len=6 type=function
14:7 len=5 type=string
14:13 len=8 type=string
15:0 len=7 type=function
15:9 len=4 type=parameter
16:0 len=6 type=function
16:8 len=4 type=parameter
17:0 len=8 type=function
17:9 len=3 type=keyword
17:14 len=4 type=keyword
18:0 len=7 type=function
18:8 len=3 type=keyword
23:0 len=10 type=number
23:11 len=1 type=function
23:11 len=1 type=keyword
23:13 len=8 type=string
23:22 len=7 type=string
24:0 len=10 type=keyword
